// Vitest Snapshot v1, https://vitest.dev/guide/snapshot.html

exports[`SortAndFilter - General tests > Snapshot test > matches snapshot 1`] = `
<DocumentFragment>
  <div
    class="sortAndFilter"
  >
    <h2>
      Sort by
    </h2>
    <ul
      class="sortList"
    >
      <li
        class="sortListEntry"
      >
        <input
          checked=""
          id="rbtId"
          name="sorting"
          type="radio"
          value="2"
        />
        <label
          for="rbtId"
        >
          #ID
        </label>
      </li>
      <li
        class="sortListEntry"
      >
        <input
          id="rbtName"
          name="sorting"
          type="radio"
          value="0"
        />
        <label
          for="rbtName"
        >
          Name A-Z
        </label>
      </li>
      <li
        class="sortListEntry"
      >
        <input
          id="rbtNameReversed"
          name="sorting"
          type="radio"
          value="1"
        />
        <label
          for="rbtNameReversed"
        >
          Name Z-A
        </label>
      </li>
    </ul>
    <h2>
      Filters
    </h2>
    <ul
      class="filterList"
    >
      <li
        class="filterListEntry"
      >
        <input
          checked=""
          id="checkFavorite"
          type="checkbox"
          value="favorite"
        />
        <label
          for="checkFavorite"
        >
          <img
            alt="favorite icon"
            id="favoriteIcon"
            src="/project1/src/assets/star_filled.png"
          />
        </label>
      </li>
      <li
        class="filterListEntry"
      >
        <input
          id="checknormal"
          type="checkbox"
          value="normal"
        />
        <label
          for="checknormal"
        >
          <label
            class="pokemonTypeLabel"
            style="background-color: rgb(159, 161, 159);"
          >
            normal
          </label>
        </label>
      </li>
      <li
        class="filterListEntry"
      >
        <input
          checked=""
          id="checkfire"
          type="checkbox"
          value="fire"
        />
        <label
          for="checkfire"
        >
          <label
            class="pokemonTypeLabel"
            style="background-color: rgb(230, 40, 41);"
          >
            fire
          </label>
        </label>
      </li>
      <li
        class="filterListEntry"
      >
        <input
          checked=""
          id="checkwater"
          type="checkbox"
          value="water"
        />
        <label
          for="checkwater"
        >
          <label
            class="pokemonTypeLabel"
            style="background-color: rgb(41, 128, 239);"
          >
            water
          </label>
        </label>
      </li>
      <li
        class="filterListEntry"
      >
        <input
          id="checkelectric"
          type="checkbox"
          value="electric"
        />
        <label
          for="checkelectric"
        >
          <label
            class="pokemonTypeLabel"
            style="background-color: rgb(250, 192, 0);"
          >
            electric
          </label>
        </label>
      </li>
      <li
        class="filterListEntry"
      >
        <input
          id="checkgrass"
          type="checkbox"
          value="grass"
        />
        <label
          for="checkgrass"
        >
          <label
            class="pokemonTypeLabel"
            style="background-color: rgb(63, 161, 41);"
          >
            grass
          </label>
        </label>
      </li>
      <li
        class="filterListEntry"
      >
        <input
          id="checkice"
          type="checkbox"
          value="ice"
        />
        <label
          for="checkice"
        >
          <label
            class="pokemonTypeLabel"
            style="background-color: rgb(61, 206, 243);"
          >
            ice
          </label>
        </label>
      </li>
      <li
        class="filterListEntry"
      >
        <input
          id="checkfighting"
          type="checkbox"
          value="fighting"
        />
        <label
          for="checkfighting"
        >
          <label
            class="pokemonTypeLabel"
            style="background-color: rgb(255, 128, 0);"
          >
            fighting
          </label>
        </label>
      </li>
      <li
        class="filterListEntry"
      >
        <input
          id="checkpoison"
          type="checkbox"
          value="poison"
        />
        <label
          for="checkpoison"
        >
          <label
            class="pokemonTypeLabel"
            style="background-color: rgb(145, 65, 203);"
          >
            poison
          </label>
        </label>
      </li>
      <li
        class="filterListEntry"
      >
        <input
          id="checkground"
          type="checkbox"
          value="ground"
        />
        <label
          for="checkground"
        >
          <label
            class="pokemonTypeLabel"
            style="background-color: rgb(145, 81, 33);"
          >
            ground
          </label>
        </label>
      </li>
      <li
        class="filterListEntry"
      >
        <input
          id="checkflying"
          type="checkbox"
          value="flying"
        />
        <label
          for="checkflying"
        >
          <label
            class="pokemonTypeLabel"
            style="background-color: rgb(129, 185, 239);"
          >
            flying
          </label>
        </label>
      </li>
      <li
        class="filterListEntry"
      >
        <input
          id="checkpsychic"
          type="checkbox"
          value="psychic"
        />
        <label
          for="checkpsychic"
        >
          <label
            class="pokemonTypeLabel"
            style="background-color: rgb(239, 65, 121);"
          >
            psychic
          </label>
        </label>
      </li>
      <li
        class="filterListEntry"
      >
        <input
          id="checkbug"
          type="checkbox"
          value="bug"
        />
        <label
          for="checkbug"
        >
          <label
            class="pokemonTypeLabel"
            style="background-color: rgb(145, 161, 25);"
          >
            bug
          </label>
        </label>
      </li>
      <li
        class="filterListEntry"
      >
        <input
          id="checkghost"
          type="checkbox"
          value="ghost"
        />
        <label
          for="checkghost"
        >
          <label
            class="pokemonTypeLabel"
            style="background-color: rgb(112, 65, 112);"
          >
            ghost
          </label>
        </label>
      </li>
      <li
        class="filterListEntry"
      >
        <input
          id="checkdragon"
          type="checkbox"
          value="dragon"
        />
        <label
          for="checkdragon"
        >
          <label
            class="pokemonTypeLabel"
            style="background-color: rgb(80, 96, 225);"
          >
            dragon
          </label>
        </label>
      </li>
      <li
        class="filterListEntry"
      >
        <input
          id="checkdark"
          type="checkbox"
          value="dark"
        />
        <label
          for="checkdark"
        >
          <label
            class="pokemonTypeLabel"
            style="background-color: rgb(98, 77, 78);"
          >
            dark
          </label>
        </label>
      </li>
      <li
        class="filterListEntry"
      >
        <input
          id="checksteel"
          type="checkbox"
          value="steel"
        />
        <label
          for="checksteel"
        >
          <label
            class="pokemonTypeLabel"
            style="background-color: rgb(96, 161, 184);"
          >
            steel
          </label>
        </label>
      </li>
      <li
        class="filterListEntry"
      >
        <input
          id="checkfairy"
          type="checkbox"
          value="fairy"
        />
        <label
          for="checkfairy"
        >
          <label
            class="pokemonTypeLabel"
            style="background-color: rgb(239, 112, 239);"
          >
            fairy
          </label>
        </label>
      </li>
    </ul>
  </div>
</DocumentFragment>
`;
